Archive member included because of file (symbol)

c:/program files (x86)/atmel/atmel toolchain/avr8 gcc/native/3.4.1061/avr8-gnu-toolchain/bin/../lib/gcc/avr/4.8.1/avrxmega7\libgcc.a(_udivmodsi4.o)
                              RTOS/os_time.o (__udivmodsi4)
c:/program files (x86)/atmel/atmel toolchain/avr8 gcc/native/3.4.1061/avr8-gnu-toolchain/bin/../lib/gcc/avr/4.8.1/avrxmega7\libgcc.a(_exit.o)
                              c:/program files (x86)/atmel/atmel toolchain/avr8 gcc/native/3.4.1061/avr8-gnu-toolchain/bin/../lib/gcc/avr/4.8.1/../../../../avr/lib/avrxmega7/crtx128a1.o (exit)
c:/program files (x86)/atmel/atmel toolchain/avr8 gcc/native/3.4.1061/avr8-gnu-toolchain/bin/../lib/gcc/avr/4.8.1/avrxmega7\libgcc.a(_copy_data.o)
                              CC1101.o (__do_copy_data)
c:/program files (x86)/atmel/atmel toolchain/avr8 gcc/native/3.4.1061/avr8-gnu-toolchain/bin/../lib/gcc/avr/4.8.1/avrxmega7\libgcc.a(_clear_bss.o)
                              CC1101.o (__do_clear_bss)
c:/program files (x86)/atmel/atmel toolchain/avr8 gcc/native/3.4.1061/avr8-gnu-toolchain/bin/../lib/gcc/avr/4.8.1/avrxmega7\libgcc.a(_umulhisi3.o)
                              RTOS/os_time.o (__umulhisi3)
c:/program files (x86)/atmel/atmel toolchain/avr8 gcc/native/3.4.1061/avr8-gnu-toolchain/bin/../lib/gcc/avr/4.8.1/avrxmega7\libgcc.a(_muluhisi3.o)
                              RTOS/os_time.o (__muluhisi3)
c:/program files (x86)/atmel/atmel toolchain/avr8 gcc/native/3.4.1061/avr8-gnu-toolchain/bin/../lib/gcc/avr/4.8.1/../../../../avr/lib/avrxmega7\libc.a(eerd_block_atxmega128a1.o)
                              env.o (__eerd_block_x128a1)
c:/program files (x86)/atmel/atmel toolchain/avr8 gcc/native/3.4.1061/avr8-gnu-toolchain/bin/../lib/gcc/avr/4.8.1/../../../../avr/lib/avrxmega7\libc.a(eerd_byte_atxmega128a1.o)
                              env.o (__eerd_byte_x128a1)
c:/program files (x86)/atmel/atmel toolchain/avr8 gcc/native/3.4.1061/avr8-gnu-toolchain/bin/../lib/gcc/avr/4.8.1/../../../../avr/lib/avrxmega7\libc.a(eeupd_block_atxmega128a1.o)
                              env.o (__eeupd_block_x128a1)
c:/program files (x86)/atmel/atmel toolchain/avr8 gcc/native/3.4.1061/avr8-gnu-toolchain/bin/../lib/gcc/avr/4.8.1/../../../../avr/lib/avrxmega7\libc.a(eeupd_byte_atxmega128a1.o)
                              c:/program files (x86)/atmel/atmel toolchain/avr8 gcc/native/3.4.1061/avr8-gnu-toolchain/bin/../lib/gcc/avr/4.8.1/../../../../avr/lib/avrxmega7\libc.a(eeupd_block_atxmega128a1.o) (__eeupd_r18_x128a1)
c:/program files (x86)/atmel/atmel toolchain/avr8 gcc/native/3.4.1061/avr8-gnu-toolchain/bin/../lib/gcc/avr/4.8.1/../../../../avr/lib/avrxmega7\libc.a(eewr_byte_atxmega128a1.o)
                              env.o (__eewr_byte_x128a1)
c:/program files (x86)/atmel/atmel toolchain/avr8 gcc/native/3.4.1061/avr8-gnu-toolchain/bin/../lib/gcc/avr/4.8.1/../../../../avr/lib/avrxmega7\libc.a(memcpy.o)
                              c:/program files (x86)/atmel/atmel toolchain/avr8 gcc/native/3.4.1061/avr8-gnu-toolchain/bin/../lib/gcc/avr/4.8.1/../../../../avr/lib/avrxmega7\libc.a(eerd_block_atxmega128a1.o) (memcpy)

Allocating common symbols
Common symbol       size              file

stKey               0x4               main.o
OSLockNesting       0x1               RTOS/os_core.o
OSRunning           0x1               RTOS/os_core.o
OSTaskStkSize       0x2               RTOS/os_cpu_c.o
OSIdleCtr           0x4               RTOS/os_core.o
OSPrioHighRdy       0x1               RTOS/os_core.o
OSFlagTbl           0x23              RTOS/os_core.o
OSPrioCur           0x1               RTOS/os_core.o
OSTaskStkSizeHard   0x2               RTOS/os_cpu_c.o
g_key_status        0x1               main.o
OSTCBList           0x2               RTOS/os_core.o
OSTickStepState     0x1               RTOS/os_core.o
gTele_env           0x67              env.o
OSCtxSwCtr          0x4               RTOS/os_core.o
temp                0x4               main.o
OSTCBFreeList       0x2               RTOS/os_core.o
OSTaskCtr           0x1               RTOS/os_core.o
adjust_data         0x22              env.o
OSTCBHighRdy        0x2               RTOS/os_core.o
OSRdyGrp            0x1               RTOS/os_core.o
OSRdyTbl            0x8               RTOS/os_core.o
gEnv                0x254             env.o
OSEventFreeList     0x2               RTOS/os_core.o
KeyWait             0x2               main.o
OSIntNesting        0x1               RTOS/os_core.o
OSTCBCur            0x2               RTOS/os_core.o
OSTime              0x4               RTOS/os_core.o
OSTaskIdleStk       0x80              RTOS/os_core.o
OSEventTbl          0x50              RTOS/os_core.o
OSTCBTbl            0x540             RTOS/os_core.o
OSFlagFreeList      0x2               RTOS/os_core.o
OSTCBPrioTbl        0x80              RTOS/os_core.o

Discarded input sections

 .text          0x00000000        0x4 c:/program files (x86)/atmel/atmel toolchain/avr8 gcc/native/3.4.1061/avr8-gnu-toolchain/bin/../lib/gcc/avr/4.8.1/../../../../avr/lib/avrxmega7/crtx128a1.o
 .data          0x00000000        0x0 c:/program files (x86)/atmel/atmel toolchain/avr8 gcc/native/3.4.1061/avr8-gnu-toolchain/bin/../lib/gcc/avr/4.8.1/../../../../avr/lib/avrxmega7/crtx128a1.o
 .bss           0x00000000        0x0 c:/program files (x86)/atmel/atmel toolchain/avr8 gcc/native/3.4.1061/avr8-gnu-toolchain/bin/../lib/gcc/avr/4.8.1/../../../../avr/lib/avrxmega7/crtx128a1.o
 .text          0x00000000        0x0 app_hooks.o
 .data          0x00000000        0x0 app_hooks.o
 .bss           0x00000000        0x0 app_hooks.o
 .text.App_TaskDelHook
                0x00000000        0x2 app_hooks.o
 .text.App_TaskStatHook
                0x00000000        0xa app_hooks.o
 .text.OSTaskReturnHook
                0x00000000        0x2 app_hooks.o
 .text          0x00000000        0x0 app_vect.o
 .data          0x00000000        0x0 app_vect.o
 .bss           0x00000000        0x0 app_vect.o
 .text          0x00000000        0x0 CC1101.o
 .data          0x00000000        0x0 CC1101.o
 .bss           0x00000000        0x0 CC1101.o
 .text.cc1100_init
                0x00000000       0xda CC1101.o
 .text.cc1100_read_reg
                0x00000000       0x44 CC1101.o
 .text.cc1100_write_reg
                0x00000000       0x46 CC1101.o
 .text.cc1100_strobe_cmd
                0x00000000       0x4a CC1101.o
 .text.cc1100_sleep_strobe_cmd
                0x00000000        0xa CC1101.o
 .text.cc1100_fifo_put
                0x00000000       0x52 CC1101.o
 .text.cc1100_fifo_get
                0x00000000       0x52 CC1101.o
 .text.cc1100_read_status
                0x00000000        0x6 CC1101.o
 .text.cc1100_cmd_idle
                0x00000000       0x2e CC1101.o
 .text.cc1100_cmd_calibrate
                0x00000000       0x18 CC1101.o
 .text.cc1101_init_reg
                0x00000000       0x24 CC1101.o
 .text.cc1101_rtx_reg_set
                0x00000000       0x28 CC1101.o
 .text.cc1101_8PATABLE_write_reg
                0x00000000       0x40 CC1101.o
 .text.tx_fifo_write
                0x00000000       0x24 CC1101.o
 .text.rx_fifo_read
                0x00000000       0x5c CC1101.o
 .text.cc1101_set_freq
                0x00000000        0xa CC1101.o
 .text.cc1101_carrier_wave_setup
                0x00000000       0x1c CC1101.o
 .data.init_all
                0x00000000       0x16 CC1101.o
 .data.pt_data  0x00000000        0x8 CC1101.o
 .bss.spi_read_somi
                0x00000000        0x2 CC1101.o
 .bss.spi_deselect
                0x00000000        0x2 CC1101.o
 .bss.spi_select
                0x00000000        0x2 CC1101.o
 .bss.spi_read  0x00000000        0x2 CC1101.o
 .bss.spi_write
                0x00000000        0x2 CC1101.o
 .bss.spi_read_single
                0x00000000        0x2 CC1101.o
 .bss.spi_write_single
                0x00000000        0x2 CC1101.o
 .bss.mdelay    0x00000000        0x2 CC1101.o
 .bss.cc1101_freq
                0x00000000        0x2 CC1101.o
 .debug_info    0x00000000      0x7ce CC1101.o
 .debug_abbrev  0x00000000      0x260 CC1101.o
 .debug_loc     0x00000000      0x838 CC1101.o
 .debug_aranges
                0x00000000       0xa0 CC1101.o
 .debug_ranges  0x00000000       0x90 CC1101.o
 .debug_line    0x00000000      0x3d1 CC1101.o
 .debug_str     0x00000000      0x367 CC1101.o
 .comment       0x00000000       0x31 CC1101.o
 .debug_frame   0x00000000      0x224 CC1101.o
 .text          0x00000000        0x0 env.o
 .data          0x00000000        0x0 env.o
 .bss           0x00000000        0x0 env.o
 .text.tele_env_save
                0x00000000       0x2e env.o
 .text          0x00000000        0x0 event.o
 .data          0x00000000        0x0 event.o
 .bss           0x00000000        0x0 event.o
 .text.chInputStatus1
                0x00000000        0x2 event.o
 .bss.Os_GetTime_for_DoorOpen_Resettimeout
                0x00000000        0x4 event.o
 .text          0x00000000        0x0 lcd.o
 .data          0x00000000        0x0 lcd.o
 .bss           0x00000000        0x0 lcd.o
 .text.lcd_itoc
                0x00000000        0xe lcd.o
 .text.lcd_stop
                0x00000000        0x4 lcd.o
 .text.lcd_prCString
                0x00000000       0x58 lcd.o
 .text.lcd_prHexByte
                0x00000000       0x22 lcd.o
 .text.lcd_prHexInt
                0x00000000       0x12 lcd.o
 .text.lcd_contrast
                0x00000000       0x44 lcd.o
 .text.lcd_icon
                0x00000000       0x3c lcd.o
 .text.lcd_scroll_left
                0x00000000        0x6 lcd.o
 .text.lcd_scroll_right
                0x00000000        0x6 lcd.o
 .rodata        0x00000000        0x8 lcd.o
 .text.lcd_set_cursor
                0x00000000       0x48 lcd.o
 .text.cursor   0x00000000        0x6 lcd.o
 .text.Blink    0x00000000        0x6 lcd.o
 .text.resetDisplayControl
                0x00000000       0x14 lcd.o
 .text.noDisplay
                0x00000000        0x6 lcd.o
 .text.noCursor
                0x00000000        0x6 lcd.o
 .text.lcd_cursor_enable
                0x00000000        0xc lcd.o
 .text.noBlink  0x00000000        0x6 lcd.o
 .text.lcd_blink_enable
                0x00000000        0xc lcd.o
 .text.setEntryMode
                0x00000000       0x14 lcd.o
 .text.leftToRight
                0x00000000        0x6 lcd.o
 .text.autoscroll
                0x00000000        0x6 lcd.o
 .text.resetEntryMode
                0x00000000       0x14 lcd.o
 .text.rightToLeft
                0x00000000        0x6 lcd.o
 .text.noAutoscroll
                0x00000000        0x6 lcd.o
 .text.normalFunctionSet
                0x00000000        0x8 lcd.o
 .text.extendFunctionSet
                0x00000000        0x8 lcd.o
 .text.scrollDisplayLeft
                0x00000000        0x8 lcd.o
 .text.scrollDisplayRight
                0x00000000        0x8 lcd.o
 .text.lcd_write
                0x00000000        0x8 lcd.o
 .text.createChar
                0x00000000       0x5c lcd.o
 .bss._displaymode
                0x00000000        0x1 lcd.o
 .text          0x00000000        0x0 main.o
 .data          0x00000000        0x0 main.o
 .bss           0x00000000        0x0 main.o
 .text.tc0_disable
                0x00000000        0xe main.o
 .text.OS_Stop  0x00000000       0x18 main.o
 .bss.bOSStop   0x00000000        0x1 main.o
 .data.strMenu  0x00000000        0xe main.o
 .text          0x00000000        0x0 os_mutex.o
 .data          0x00000000        0x0 os_mutex.o
 .bss           0x00000000        0x0 os_mutex.o
 .text.OSMutex_RdyAtPrio
                0x00000000       0xb4 os_mutex.o
 .text.OSMutexAccept
                0x00000000       0x8a os_mutex.o
 .rodata.str1.1
                0x00000000        0x2 os_mutex.o
 .text.OSMutexCreate
                0x00000000       0xc0 os_mutex.o
 .text.OSMutexDel
                0x00000000      0x174 os_mutex.o
 .text.OSMutexPend
                0x00000000      0x2dc os_mutex.o
 .text.OSMutexPost
                0x00000000       0xf4 os_mutex.o
 .text.OSMutexQuery
                0x00000000       0x66 os_mutex.o
 .debug_info    0x00000000      0xaad os_mutex.o
 .debug_abbrev  0x00000000      0x23a os_mutex.o
 .debug_loc     0x00000000      0xacd os_mutex.o
 .debug_aranges
                0x00000000       0x50 os_mutex.o
 .debug_ranges  0x00000000       0x40 os_mutex.o
 .debug_line    0x00000000      0x620 os_mutex.o
 .debug_str     0x00000000      0x589 os_mutex.o
 .comment       0x00000000       0x31 os_mutex.o
 .debug_frame   0x00000000      0x19c os_mutex.o
 .text          0x00000000        0x0 os_tmr.o
 .data          0x00000000        0x0 os_tmr.o
 .bss           0x00000000        0x0 os_tmr.o
 .debug_info    0x00000000       0x56 os_tmr.o
 .debug_abbrev  0x00000000       0x26 os_tmr.o
 .debug_aranges
                0x00000000       0x18 os_tmr.o
 .debug_line    0x00000000       0x1a os_tmr.o
 .debug_str     0x00000000      0x148 os_tmr.o
 .comment       0x00000000       0x31 os_tmr.o
 .data          0x00000000        0x0 RTOS/avr_isr.o
 .bss           0x00000000        0x0 RTOS/avr_isr.o
 .text          0x00000000        0x0 RTOS/os_core.o
 .data          0x00000000        0x0 RTOS/os_core.o
 .bss           0x00000000        0x0 RTOS/os_core.o
 .text.OSEventNameSet
                0x00000000       0x4c RTOS/os_core.o
 .text.OSIntEnter
                0x00000000       0x18 RTOS/os_core.o
 .text.OSSchedLock
                0x00000000       0x28 RTOS/os_core.o
 .text.OSVersion
                0x00000000        0x6 RTOS/os_core.o
 .text.OS_Dummy
                0x00000000        0x2 RTOS/os_core.o
 .text.OS_EventTaskWait
                0x00000000       0x58 RTOS/os_core.o
 .text.OS_EventTaskWaitMulti
                0x00000000       0x6e RTOS/os_core.o
 .text.OS_EventTaskRemove
                0x00000000       0x2c RTOS/os_core.o
 .text.OS_EventTaskRemoveMulti
                0x00000000       0x44 RTOS/os_core.o
 .text.OS_EventTaskRdy
                0x00000000       0xa4 RTOS/os_core.o
 .text.OS_MemCopy
                0x00000000       0x18 RTOS/os_core.o
 .text.OSEventPendMulti
                0x00000000      0x294 RTOS/os_core.o
 .text.OSSchedUnlock
                0x00000000       0x34 RTOS/os_core.o
 .text.OS_StrLen
                0x00000000       0x10 RTOS/os_core.o
 .text.OSEventNameGet
                0x00000000       0x64 RTOS/os_core.o
 .text.OS_TaskStatStkChk
                0x00000000       0x78 RTOS/os_core.o
 .data          0x00000000        0x0 RTOS/os_cpu_a.o
 .bss           0x00000000        0x0 RTOS/os_cpu_a.o
 .text          0x00000000        0x0 RTOS/os_cpu_c.o
 .data          0x00000000        0x0 RTOS/os_cpu_c.o
 .bss           0x00000000        0x0 RTOS/os_cpu_c.o
 .text.OSTaskDelHook
                0x00000000        0x4 RTOS/os_cpu_c.o
 .text.OSTaskStatHook
                0x00000000        0x4 RTOS/os_cpu_c.o
 COMMON         0x00000000        0x4 RTOS/os_cpu_c.o
 .text          0x00000000        0x0 RTOS/os_dbg.o
 .data          0x00000000        0x0 RTOS/os_dbg.o
 .bss           0x00000000        0x0 RTOS/os_dbg.o
 .rodata.OSDataSize
                0x00000000        0x2 RTOS/os_dbg.o
 .rodata.OSTmrWheelTblSize
                0x00000000        0x2 RTOS/os_dbg.o
 .rodata.OSTmrWheelSize
                0x00000000        0x2 RTOS/os_dbg.o
 .rodata.OSTmrTblSize
                0x00000000        0x2 RTOS/os_dbg.o
 .rodata.OSTmrSize
                0x00000000        0x2 RTOS/os_dbg.o
 .rodata.OSTmrCfgTicksPerSec
                0x00000000        0x2 RTOS/os_dbg.o
 .rodata.OSTmrCfgWheelSize
                0x00000000        0x2 RTOS/os_dbg.o
 .rodata.OSTmrCfgNameEn
                0x00000000        0x2 RTOS/os_dbg.o
 .rodata.OSTmrCfgMax
                0x00000000        0x2 RTOS/os_dbg.o
 .rodata.OSTmrEn
                0x00000000        0x2 RTOS/os_dbg.o
 .rodata.OSVersionNbr
                0x00000000        0x2 RTOS/os_dbg.o
 .rodata.OSTimeTickHookEn
                0x00000000        0x2 RTOS/os_dbg.o
 .rodata.OSTicksPerSec
                0x00000000        0x2 RTOS/os_dbg.o
 .rodata.OSTCBSize
                0x00000000        0x2 RTOS/os_dbg.o
 .rodata.OSTCBPrioTblMax
                0x00000000        0x2 RTOS/os_dbg.o
 .rodata.OSTaskRegTblSize
                0x00000000        0x2 RTOS/os_dbg.o
 .rodata.OSTaskSwHookEn
                0x00000000        0x2 RTOS/os_dbg.o
 .rodata.OSTaskStatStkChkEn
                0x00000000        0x2 RTOS/os_dbg.o
 .rodata.OSTaskStatStkSize
                0x00000000        0x2 RTOS/os_dbg.o
 .rodata.OSTaskStatEn
                0x00000000        0x2 RTOS/os_dbg.o
 .rodata.OSTaskNameEn
                0x00000000        0x2 RTOS/os_dbg.o
 .rodata.OSTaskMax
                0x00000000        0x2 RTOS/os_dbg.o
 .rodata.OSTaskProfileEn
                0x00000000        0x2 RTOS/os_dbg.o
 .rodata.OSTaskIdleStkSize
                0x00000000        0x2 RTOS/os_dbg.o
 .rodata.OSTaskDelEn
                0x00000000        0x2 RTOS/os_dbg.o
 .rodata.OSTaskCreateExtEn
                0x00000000        0x2 RTOS/os_dbg.o
 .rodata.OSTaskCreateEn
                0x00000000        0x2 RTOS/os_dbg.o
 .rodata.OSStkWidth
                0x00000000        0x2 RTOS/os_dbg.o
 .rodata.OSSemEn
                0x00000000        0x2 RTOS/os_dbg.o
 .rodata.OSRdyTblSize
                0x00000000        0x2 RTOS/os_dbg.o
 .rodata.OSQSize
                0x00000000        0x2 RTOS/os_dbg.o
 .rodata.OSQMax
                0x00000000        0x2 RTOS/os_dbg.o
 .rodata.OSQEn  0x00000000        0x2 RTOS/os_dbg.o
 .rodata.OSPtrSize
                0x00000000        0x2 RTOS/os_dbg.o
 .rodata.OSMutexEn
                0x00000000        0x2 RTOS/os_dbg.o
 .rodata.OSMemTblSize
                0x00000000        0x2 RTOS/os_dbg.o
 .rodata.OSMemSize
                0x00000000        0x2 RTOS/os_dbg.o
 .rodata.OSMemNameEn
                0x00000000        0x2 RTOS/os_dbg.o
 .rodata.OSMemMax
                0x00000000        0x2 RTOS/os_dbg.o
 .rodata.OSMemEn
                0x00000000        0x2 RTOS/os_dbg.o
 .rodata.OSMboxEn
                0x00000000        0x2 RTOS/os_dbg.o
 .rodata.OSLowestPrio
                0x00000000        0x2 RTOS/os_dbg.o
 .rodata.OSFlagNameEn
                0x00000000        0x2 RTOS/os_dbg.o
 .rodata.OSFlagMax
                0x00000000        0x2 RTOS/os_dbg.o
 .rodata.OSFlagWidth
                0x00000000        0x2 RTOS/os_dbg.o
 .rodata.OSFlagNodeSize
                0x00000000        0x2 RTOS/os_dbg.o
 .rodata.OSFlagGrpSize
                0x00000000        0x2 RTOS/os_dbg.o
 .rodata.OSFlagEn
                0x00000000        0x2 RTOS/os_dbg.o
 .rodata.OSEventMultiEn
                0x00000000        0x2 RTOS/os_dbg.o
 .rodata.OSEventTblSize
                0x00000000        0x2 RTOS/os_dbg.o
 .rodata.OSEventSize
                0x00000000        0x2 RTOS/os_dbg.o
 .rodata.OSEventNameEn
                0x00000000        0x2 RTOS/os_dbg.o
 .rodata.OSEventMax
                0x00000000        0x2 RTOS/os_dbg.o
 .rodata.OSEventEn
                0x00000000        0x2 RTOS/os_dbg.o
 .rodata.OSEndiannessTest
                0x00000000        0x4 RTOS/os_dbg.o
 .rodata.OSDebugEn
                0x00000000        0x2 RTOS/os_dbg.o
 .text          0x00000000        0x0 RTOS/os_flag.o
 .data          0x00000000        0x0 RTOS/os_flag.o
 .bss           0x00000000        0x0 RTOS/os_flag.o
 .text.OS_FlagBlock
                0x00000000       0xa8 RTOS/os_flag.o
 .text.OSFlagAccept
                0x00000000      0x120 RTOS/os_flag.o
 .text.OSFlagCreate
                0x00000000       0x74 RTOS/os_flag.o
 .text.OSFlagNameGet
                0x00000000       0x68 RTOS/os_flag.o
 .text.OSFlagNameSet
                0x00000000       0x4e RTOS/os_flag.o
 .text.OSFlagPendGetFlagsRdy
                0x00000000       0x20 RTOS/os_flag.o
 .text.OSFlagQuery
                0x00000000       0x40 RTOS/os_flag.o
 .text.OS_FlagUnlink
                0x00000000       0x4c RTOS/os_flag.o
 .text.OS_FlagTaskRdy
                0x00000000       0x50 RTOS/os_flag.o
 .text.OSFlagDel
                0x00000000      0x112 RTOS/os_flag.o
 .text.OSFlagPost
                0x00000000      0x146 RTOS/os_flag.o
 .text.OSFlagPend
                0x00000000      0x222 RTOS/os_flag.o
 .text          0x00000000        0x0 RTOS/os_mbox.o
 .data          0x00000000        0x0 RTOS/os_mbox.o
 .bss           0x00000000        0x0 RTOS/os_mbox.o
 .text.OSMboxAccept
                0x00000000       0x32 RTOS/os_mbox.o
 .rodata.str1.1
                0x00000000        0x2 RTOS/os_mbox.o
 .text.OSMboxCreate
                0x00000000       0x62 RTOS/os_mbox.o
 .text.OSMboxDel
                0x00000000      0x104 RTOS/os_mbox.o
 .text.OSMboxPend
                0x00000000      0x110 RTOS/os_mbox.o
 .text.OSMboxPendAbort
                0x00000000       0xa2 RTOS/os_mbox.o
 .text.OSMboxPost
                0x00000000       0x7e RTOS/os_mbox.o
 .text.OSMboxPostOpt
                0x00000000       0xac RTOS/os_mbox.o
 .text.OSMboxQuery
                0x00000000       0x52 RTOS/os_mbox.o
 .debug_info    0x00000000      0xafa RTOS/os_mbox.o
 .debug_abbrev  0x00000000      0x1de RTOS/os_mbox.o
 .debug_loc     0x00000000      0xa64 RTOS/os_mbox.o
 .debug_aranges
                0x00000000       0x58 RTOS/os_mbox.o
 .debug_ranges  0x00000000       0x48 RTOS/os_mbox.o
 .debug_line    0x00000000      0x46a RTOS/os_mbox.o
 .debug_str     0x00000000      0x549 RTOS/os_mbox.o
 .comment       0x00000000       0x31 RTOS/os_mbox.o
 .debug_frame   0x00000000      0x1b4 RTOS/os_mbox.o
 .text          0x00000000        0x0 RTOS/os_mem.o
 .data          0x00000000        0x0 RTOS/os_mem.o
 .bss           0x00000000        0x0 RTOS/os_mem.o
 .debug_info    0x00000000       0x56 RTOS/os_mem.o
 .debug_abbrev  0x00000000       0x26 RTOS/os_mem.o
 .debug_aranges
                0x00000000       0x18 RTOS/os_mem.o
 .debug_line    0x00000000       0x1a RTOS/os_mem.o
 .debug_str     0x00000000      0x14b RTOS/os_mem.o
 .comment       0x00000000       0x31 RTOS/os_mem.o
 .text          0x00000000        0x0 RTOS/os_q.o
 .data          0x00000000        0x0 RTOS/os_q.o
 .bss           0x00000000        0x0 RTOS/os_q.o
 .debug_info    0x00000000       0x56 RTOS/os_q.o
 .debug_abbrev  0x00000000       0x26 RTOS/os_q.o
 .debug_aranges
                0x00000000       0x18 RTOS/os_q.o
 .debug_line    0x00000000       0x1a RTOS/os_q.o
 .debug_str     0x00000000      0x149 RTOS/os_q.o
 .comment       0x00000000       0x31 RTOS/os_q.o
 .text          0x00000000        0x0 RTOS/os_sem.o
 .data          0x00000000        0x0 RTOS/os_sem.o
 .bss           0x00000000        0x0 RTOS/os_sem.o
 .text.OSSemAccept
                0x00000000       0x40 RTOS/os_sem.o
 .text.OSSemDel
                0x00000000      0x104 RTOS/os_sem.o
 .text.OSSemPend
                0x00000000      0x112 RTOS/os_sem.o
 .text.OSSemPendAbort
                0x00000000       0xa2 RTOS/os_sem.o
 .text.OSSemPost
                0x00000000       0x66 RTOS/os_sem.o
 .text.OSSemQuery
                0x00000000       0x52 RTOS/os_sem.o
 .text.OSSemSet
                0x00000000       0x5e RTOS/os_sem.o
 .text          0x00000000        0x0 RTOS/os_task.o
 .data          0x00000000        0x0 RTOS/os_task.o
 .bss           0x00000000        0x0 RTOS/os_task.o
 .text.OSTaskChangePrio
                0x00000000      0x252 RTOS/os_task.o
 .text.OSTaskCreate
                0x00000000       0xc4 RTOS/os_task.o
 .rodata.str1.1
                0x00000000        0x2 RTOS/os_task.o
 .text.OSTaskDel
                0x00000000      0x172 RTOS/os_task.o
 .text.OSTaskDelReq
                0x00000000       0x64 RTOS/os_task.o
 .text.OSTaskNameGet
                0x00000000       0x86 RTOS/os_task.o
 .text.OSTaskResume
                0x00000000       0x94 RTOS/os_task.o
 .text.OSTaskStkChk
                0x00000000       0xba RTOS/os_task.o
 .text.OSTaskSuspend
                0x00000000       0x92 RTOS/os_task.o
 .text.OSTaskQuery
                0x00000000       0x6c RTOS/os_task.o
 .text.OSTaskRegGet
                0x00000000       0x78 RTOS/os_task.o
 .text.OSTaskRegSet
                0x00000000       0x7c RTOS/os_task.o
 .text.OS_TaskReturn
                0x00000000       0x12 RTOS/os_task.o
 .text          0x00000000        0x0 RTOS/os_time.o
 .data          0x00000000        0x0 RTOS/os_time.o
 .bss           0x00000000        0x0 RTOS/os_time.o
 .text.OSTimeDlyResume
                0x00000000       0xa0 RTOS/os_time.o
 .text.OSTimeGet
                0x00000000       0x2e RTOS/os_time.o
 .text.OSTimeSet
                0x00000000       0x2c RTOS/os_time.o
 .text          0x00000000        0x0 port.o
 .data          0x00000000        0x0 port.o
 .bss           0x00000000        0x0 port.o
 .text.port_init_value
                0x00000000        0x2 port.o
 .text.get_ch1_Input
                0x00000000        0xc port.o
 .text.get_ch2_Input
                0x00000000       0x10 port.o
 .text.get_ch3_Input
                0x00000000       0x12 port.o
 .text.get_ch4_Input
                0x00000000       0x12 port.o
 .text.get_ch5_Input
                0x00000000       0x10 port.o
 .text.get_ch6_Input
                0x00000000       0x12 port.o
 .text.get_ch7_Input
                0x00000000       0x12 port.o
 .text.get_ch8_Input
                0x00000000       0x10 port.o
 .text.get_ch9_Input
                0x00000000        0xc port.o
 .text.get_ch10_Input
                0x00000000       0x10 port.o
 .text.get_ch11_Input
                0x00000000       0x12 port.o
 .text.get_ch12_Input
                0x00000000       0x12 port.o
 .text.get_ch13_Input
                0x00000000       0x10 port.o
 .text.get_ch14_Input
                0x00000000       0x12 port.o
 .text.get_ch15_Input
                0x00000000       0x12 port.o
 .text.get_ch16_Input
                0x00000000       0x10 port.o
 .text.get_ch17_Input
                0x00000000        0xc port.o
 .text.get_sr_key_sw
                0x00000000       0x12 port.o
 .text.get_tampa_sw
                0x00000000       0x12 port.o
 .text.get_BattLow
                0x00000000       0x10 port.o
 .text.get_PowerBlackout
                0x00000000       0x12 port.o
 .text.get_BattFull
                0x00000000       0x12 port.o
 .text.set_Router_reset
                0x00000000       0x14 port.o
 .text.set_DTMF_MSG_Select
                0x00000000       0x14 port.o
 .text.set_ESP_Reset
                0x00000000       0x14 port.o
 .text.set_Relay1
                0x00000000       0x12 port.o
 .text.set_Relay2
                0x00000000       0x14 port.o
 .text.set_Relay3
                0x00000000       0x14 port.o
 .text.set_Relay4
                0x00000000       0x14 port.o
 .text.set_spi_ss
                0x00000000       0x14 port.o
 .text.get_spi_ss
                0x00000000        0xc port.o
 .text.set_spi_mosi
                0x00000000       0x14 port.o
 .text.get_miso
                0x00000000       0x12 port.o
 .text.set_spi_sck
                0x00000000       0x14 port.o
 .text.get_pstn_L_revers_pos
                0x00000000        0xc port.o
 .text.get_pstn_L_revers_nos
                0x00000000        0xe port.o
 .text.set_pstn_reset
                0x00000000       0x14 port.o
 .text.set_pstn_HLD_Pdial
                0x00000000       0x14 port.o
 .text.set_pstn_LNchange
                0x00000000       0x14 port.o
 .text.set_pstn_DataLatch
                0x00000000       0x14 port.o
 .text.set_pstn_ReceiveDataEnable
                0x00000000       0x14 port.o
 .text.get_pstn_DET_Dial_RingBack_BusyTone
                0x00000000        0xc port.o
 .text.get_pstn_DV_DataReciveValid
                0x00000000        0xe port.o
 .text.get_pstn_BELL
                0x00000000        0xe port.o
 .text.set_pstn_DM_SEL
                0x00000000       0x14 port.o
 .text          0x00000000        0x0 spi.o
 .data          0x00000000        0x0 spi.o
 .bss           0x00000000        0x0 spi.o
 .text.spi_write_single
                0x00000000       0x1a spi.o
 .text.spi_read_single
                0x00000000        0x6 spi.o
 .text.spi_write
                0x00000000       0x24 spi.o
 .text.spi_read
                0x00000000       0x24 spi.o
 .text.spi_select
                0x00000000        0x6 spi.o
 .text.spi_deselect
                0x00000000        0x6 spi.o
 .text.spi_read_somi
                0x00000000        0x8 spi.o
 .text          0x00000000        0x0 TWI_I2CMaster.o
 .data          0x00000000        0x0 TWI_I2CMaster.o
 .bss           0x00000000        0x0 TWI_I2CMaster.o
 .text.TWI_I2CStop
                0x00000000        0x2 TWI_I2CMaster.o
 .text          0x00000000        0x0 c:/program files (x86)/atmel/atmel toolchain/avr8 gcc/native/3.4.1061/avr8-gnu-toolchain/bin/../lib/gcc/avr/4.8.1/avrxmega7\libgcc.a(_udivmodsi4.o)
 .data          0x00000000        0x0 c:/program files (x86)/atmel/atmel toolchain/avr8 gcc/native/3.4.1061/avr8-gnu-toolchain/bin/../lib/gcc/avr/4.8.1/avrxmega7\libgcc.a(_udivmodsi4.o)
 .bss           0x00000000        0x0 c:/program files (x86)/atmel/atmel toolchain/avr8 gcc/native/3.4.1061/avr8-gnu-toolchain/bin/../lib/gcc/avr/4.8.1/avrxmega7\libgcc.a(_udivmodsi4.o)
 .text.libgcc.mul
                0x00000000        0x0 c:/program files (x86)/atmel/atmel toolchain/avr8 gcc/native/3.4.1061/avr8-gnu-toolchain/bin/../lib/gcc/avr/4.8.1/avrxmega7\libgcc.a(_udivmodsi4.o)
 .text.libgcc   0x00000000        0x0 c:/program files (x86)/atmel/atmel toolchain/avr8 gcc/native/3.4.1061/avr8-gnu-toolchain/bin/../lib/gcc/avr/4.8.1/avrxmega7\libgcc.a(_udivmodsi4.o)
 .text.libgcc.prologue
                0x00000000        0x0 c:/program files (x86)/atmel/atmel toolchain/avr8 gcc/native/3.4.1061/avr8-gnu-toolchain/bin/../lib/gcc/avr/4.8.1/avrxmega7\libgcc.a(_udivmodsi4.o)
 .text.libgcc.builtins
                0x00000000        0x0 c:/program files (x86)/atmel/atmel toolchain/avr8 gcc/native/3.4.1061/avr8-gnu-toolchain/bin/../lib/gcc/avr/4.8.1/avrxmega7\libgcc.a(_udivmodsi4.o)
 .text.libgcc.fmul
                0x00000000        0x0 c:/program files (x86)/atmel/atmel toolchain/avr8 gcc/native/3.4.1061/avr8-gnu-toolchain/bin/../lib/gcc/avr/4.8.1/avrxmega7\libgcc.a(_udivmodsi4.o)
 .text.libgcc.fixed
                0x00000000        0x0 c:/program files (x86)/atmel/atmel toolchain/avr8 gcc/native/3.4.1061/avr8-gnu-toolchain/bin/../lib/gcc/avr/4.8.1/avrxmega7\libgcc.a(_udivmodsi4.o)
 .text          0x00000000        0x0 c:/program files (x86)/atmel/atmel toolchain/avr8 gcc/native/3.4.1061/avr8-gnu-toolchain/bin/../lib/gcc/avr/4.8.1/avrxmega7\libgcc.a(_exit.o)
 .data          0x00000000        0x0 c:/program files (x86)/atmel/atmel toolchain/avr8 gcc/native/3.4.1061/avr8-gnu-toolchain/bin/../lib/gcc/avr/4.8.1/avrxmega7\libgcc.a(_exit.o)
 .bss           0x00000000        0x0 c:/program files (x86)/atmel/atmel toolchain/avr8 gcc/native/3.4.1061/avr8-gnu-toolchain/bin/../lib/gcc/avr/4.8.1/avrxmega7\libgcc.a(_exit.o)
 .text.libgcc.mul
                0x00000000        0x0 c:/program files (x86)/atmel/atmel toolchain/avr8 gcc/native/3.4.1061/avr8-gnu-toolchain/bin/../lib/gcc/avr/4.8.1/avrxmega7\libgcc.a(_exit.o)
 .text.libgcc.div
                0x00000000        0x0 c:/program files (x86)/atmel/atmel toolchain/avr8 gcc/native/3.4.1061/avr8-gnu-toolchain/bin/../lib/gcc/avr/4.8.1/avrxmega7\libgcc.a(_exit.o)
 .text.libgcc   0x00000000        0x0 c:/program files (x86)/atmel/atmel toolchain/avr8 gcc/native/3.4.1061/avr8-gnu-toolchain/bin/../lib/gcc/avr/4.8.1/avrxmega7\libgcc.a(_exit.o)
 .text.libgcc.prologue
                0x00000000        0x0 c:/program files (x86)/atmel/atmel toolchain/avr8 gcc/native/3.4.1061/avr8-gnu-toolchain/bin/../lib/gcc/avr/4.8.1/avrxmega7\libgcc.a(_exit.o)
 .text.libgcc.builtins
                0x00000000        0x0 c:/program files (x86)/atmel/atmel toolchain/avr8 gcc/native/3.4.1061/avr8-gnu-toolchain/bin/../lib/gcc/avr/4.8.1/avrxmega7\libgcc.a(_exit.o)
 .text.libgcc.fmul
                0x00000000        0x0 c:/program files (x86)/atmel/atmel toolchain/avr8 gcc/native/3.4.1061/avr8-gnu-toolchain/bin/../lib/gcc/avr/4.8.1/avrxmega7\libgcc.a(_exit.o)
 .text.libgcc.fixed
                0x00000000        0x0 c:/program files (x86)/atmel/atmel toolchain/avr8 gcc/native/3.4.1061/avr8-gnu-toolchain/bin/../lib/gcc/avr/4.8.1/avrxmega7\libgcc.a(_exit.o)
 .text          0x00000000        0x0 c:/program files (x86)/atmel/atmel toolchain/avr8 gcc/native/3.4.1061/avr8-gnu-toolchain/bin/../lib/gcc/avr/4.8.1/avrxmega7\libgcc.a(_copy_data.o)
 .data          0x00000000        0x0 c:/program files (x86)/atmel/atmel toolchain/avr8 gcc/native/3.4.1061/avr8-gnu-toolchain/bin/../lib/gcc/avr/4.8.1/avrxmega7\libgcc.a(_copy_data.o)
 .bss           0x00000000        0x0 c:/program files (x86)/atmel/atmel toolchain/avr8 gcc/native/3.4.1061/avr8-gnu-toolchain/bin/../lib/gcc/avr/4.8.1/avrxmega7\libgcc.a(_copy_data.o)
 .text.libgcc.mul
                0x00000000        0x0 c:/program files (x86)/atmel/atmel toolchain/avr8 gcc/native/3.4.1061/avr8-gnu-toolchain/bin/../lib/gcc/avr/4.8.1/avrxmega7\libgcc.a(_copy_data.o)
 .text.libgcc.div
                0x00000000        0x0 c:/program files (x86)/atmel/atmel toolchain/avr8 gcc/native/3.4.1061/avr8-gnu-toolchain/bin/../lib/gcc/avr/4.8.1/avrxmega7\libgcc.a(_copy_data.o)
 .text.libgcc   0x00000000        0x0 c:/program files (x86)/atmel/atmel toolchain/avr8 gcc/native/3.4.1061/avr8-gnu-toolchain/bin/../lib/gcc/avr/4.8.1/avrxmega7\libgcc.a(_copy_data.o)
 .text.libgcc.prologue
                0x00000000        0x0 c:/program files (x86)/atmel/atmel toolchain/avr8 gcc/native/3.4.1061/avr8-gnu-toolchain/bin/../lib/gcc/avr/4.8.1/avrxmega7\libgcc.a(_copy_data.o)
 .text.libgcc.builtins
                0x00000000        0x0 c:/program files (x86)/atmel/atmel toolchain/avr8 gcc/native/3.4.1061/avr8-gnu-toolchain/bin/../lib/gcc/avr/4.8.1/avrxmega7\libgcc.a(_copy_data.o)
 .text.libgcc.fmul
                0x00000000        0x0 c:/program files (x86)/atmel/atmel toolchain/avr8 gcc/native/3.4.1061/avr8-gnu-toolchain/bin/../lib/gcc/avr/4.8.1/avrxmega7\libgcc.a(_copy_data.o)
 .text.libgcc.fixed
                0x00000000        0x0 c:/program files (x86)/atmel/atmel toolchain/avr8 gcc/native/3.4.1061/avr8-gnu-toolchain/bin/../lib/gcc/avr/4.8.1/avrxmega7\libgcc.a(_copy_data.o)
 .text          0x00000000        0x0 c:/program files (x86)/atmel/atmel toolchain/avr8 gcc/native/3.4.1061/avr8-gnu-toolchain/bin/../lib/gcc/avr/4.8.1/avrxmega7\libgcc.a(_clear_bss.o)
 .data          0x00000000        0x0 c:/program files (x86)/atmel/atmel toolchain/avr8 gcc/native/3.4.1061/avr8-gnu-toolchain/bin/../lib/gcc/avr/4.8.1/avrxmega7\libgcc.a(_clear_bss.o)
 .bss           0x00000000        0x0 c:/program files (x86)/atmel/atmel toolchain/avr8 gcc/native/3.4.1061/avr8-gnu-toolchain/bin/../lib/gcc/avr/4.8.1/avrxmega7\libgcc.a(_clear_bss.o)
 .text.libgcc.mul
                0x00000000        0x0 c:/program files (x86)/atmel/atmel toolchain/avr8 gcc/native/3.4.1061/avr8-gnu-toolchain/bin/../lib/gcc/avr/4.8.1/avrxmega7\libgcc.a(_clear_bss.o)
 .text.libgcc.div
                0x00000000        0x0 c:/program files (x86)/atmel/atmel toolchain/avr8 gcc/native/3.4.1061/avr8-gnu-toolchain/bin/../lib/gcc/avr/4.8.1/avrxmega7\libgcc.a(_clear_bss.o)
 .text.libgcc   0x00000000        0x0 c:/program files (x86)/atmel/atmel toolchain/avr8 gcc/native/3.4.1061/avr8-gnu-toolchain/bin/../lib/gcc/avr/4.8.1/avrxmega7\libgcc.a(_clear_bss.o)
 .text.libgcc.prologue
                0x00000000        0x0 c:/program files (x86)/atmel/atmel toolchain/avr8 gcc/native/3.4.1061/avr8-gnu-toolchain/bin/../lib/gcc/avr/4.8.1/avrxmega7\libgcc.a(_clear_bss.o)
 .text.libgcc.builtins
                0x00000000        0x0 c:/program files (x86)/atmel/atmel toolchain/avr8 gcc/native/3.4.1061/avr8-gnu-toolchain/bin/../lib/gcc/avr/4.8.1/avrxmega7\libgcc.a(_clear_bss.o)
 .text.libgcc.fmul
                0x00000000        0x0 c:/program files (x86)/atmel/atmel toolchain/avr8 gcc/native/3.4.1061/avr8-gnu-toolchain/bin/../lib/gcc/avr/4.8.1/avrxmega7\libgcc.a(_clear_bss.o)
 .text.libgcc.fixed
                0x00000000        0x0 c:/program files (x86)/atmel/atmel toolchain/avr8 gcc/native/3.4.1061/avr8-gnu-toolchain/bin/../lib/gcc/avr/4.8.1/avrxmega7\libgcc.a(_clear_bss.o)
 .text          0x00000000        0x0 c:/program files (x86)/atmel/atmel toolchain/avr8 gcc/native/3.4.1061/avr8-gnu-toolchain/bin/../lib/gcc/avr/4.8.1/avrxmega7\libgcc.a(_umulhisi3.o)
 .data          0x00000000        0x0 c:/program files (x86)/atmel/atmel toolchain/avr8 gcc/native/3.4.1061/avr8-gnu-toolchain/bin/../lib/gcc/avr/4.8.1/avrxmega7\libgcc.a(_umulhisi3.o)
 .bss           0x00000000        0x0 c:/program files (x86)/atmel/atmel toolchain/avr8 gcc/native/3.4.1061/avr8-gnu-toolchain/bin/../lib/gcc/avr/4.8.1/avrxmega7\libgcc.a(_umulhisi3.o)
 .text.libgcc.div
                0x00000000        0x0 c:/program files (x86)/atmel/atmel toolchain/avr8 gcc/native/3.4.1061/avr8-gnu-toolchain/bin/../lib/gcc/avr/4.8.1/avrxmega7\libgcc.a(_umulhisi3.o)
 .text.libgcc   0x00000000        0x0 c:/program files (x86)/atmel/atmel toolchain/avr8 gcc/native/3.4.1061/avr8-gnu-toolchain/bin/../lib/gcc/avr/4.8.1/avrxmega7\libgcc.a(_umulhisi3.o)
 .text.libgcc.prologue
                0x00000000        0x0 c:/program files (x86)/atmel/atmel toolchain/avr8 gcc/native/3.4.1061/avr8-gnu-toolchain/bin/../lib/gcc/avr/4.8.1/avrxmega7\libgcc.a(_umulhisi3.o)
 .text.libgcc.builtins
                0x00000000        0x0 c:/program files (x86)/atmel/atmel toolchain/avr8 gcc/native/3.4.1061/avr8-gnu-toolchain/bin/../lib/gcc/avr/4.8.1/avrxmega7\libgcc.a(_umulhisi3.o)
 .text.libgcc.fmul
                0x00000000        0x0 c:/program files (x86)/atmel/atmel toolchain/avr8 gcc/native/3.4.1061/avr8-gnu-toolchain/bin/../lib/gcc/avr/4.8.1/avrxmega7\libgcc.a(_umulhisi3.o)
 .text.libgcc.fixed
                0x00000000        0x0 c:/program files (x86)/atmel/atmel toolchain/avr8 gcc/native/3.4.1061/avr8-gnu-toolchain/bin/../lib/gcc/avr/4.8.1/avrxmega7\libgcc.a(_umulhisi3.o)
 .text          0x00000000        0x0 c:/program files (x86)/atmel/atmel toolchain/avr8 gcc/native/3.4.1061/avr8-gnu-toolchain/bin/../lib/gcc/avr/4.8.1/avrxmega7\libgcc.a(_muluhisi3.o)
 .data          0x00000000        0x0 c:/program files (x86)/atmel/atmel toolchain/avr8 gcc/native/3.4.1061/avr8-gnu-toolchain/bin/../lib/gcc/avr/4.8.1/avrxmega7\libgcc.a(_muluhisi3.o)
 .bss           0x00000000        0x0 c:/program files (x86)/atmel/atmel toolchain/avr8 gcc/native/3.4.1061/avr8-gnu-toolchain/bin/../lib/gcc/avr/4.8.1/avrxmega7\libgcc.a(_muluhisi3.o)
 .text.libgcc.div
                0x00000000        0x0 c:/program files (x86)/atmel/atmel toolchain/avr8 gcc/native/3.4.1061/avr8-gnu-toolchain/bin/../lib/gcc/avr/4.8.1/avrxmega7\libgcc.a(_muluhisi3.o)
 .text.libgcc   0x00000000        0x0 c:/program files (x86)/atmel/atmel toolchain/avr8 gcc/native/3.4.1061/avr8-gnu-toolchain/bin/../lib/gcc/avr/4.8.1/avrxmega7\libgcc.a(_muluhisi3.o)
 .text.libgcc.prologue
                0x00000000        0x0 c:/program files (x86)/atmel/atmel toolchain/avr8 gcc/native/3.4.1061/avr8-gnu-toolchain/bin/../lib/gcc/avr/4.8.1/avrxmega7\libgcc.a(_muluhisi3.o)
 .text.libgcc.builtins
                0x00000000        0x0 c:/program files (x86)/atmel/atmel toolchain/avr8 gcc/native/3.4.1061/avr8-gnu-toolchain/bin/../lib/gcc/avr/4.8.1/avrxmega7\libgcc.a(_muluhisi3.o)
 .text.libgcc.fmul
                0x00000000        0x0 c:/program files (x86)/atmel/atmel toolchain/avr8 gcc/native/3.4.1061/avr8-gnu-toolchain/bin/../lib/gcc/avr/4.8.1/avrxmega7\libgcc.a(_muluhisi3.o)
 .text.libgcc.fixed
                0x00000000        0x0 c:/program files (x86)/atmel/atmel toolchain/avr8 gcc/native/3.4.1061/avr8-gnu-toolchain/bin/../lib/gcc/avr/4.8.1/avrxmega7\libgcc.a(_muluhisi3.o)
 .text          0x00000000        0x0 c:/program files (x86)/atmel/atmel toolchain/avr8 gcc/native/3.4.1061/avr8-gnu-toolchain/bin/../lib/gcc/avr/4.8.1/../../../../avr/lib/avrxmega7\libc.a(eerd_block_atxmega128a1.o)
 .data          0x00000000        0x0 c:/program files (x86)/atmel/atmel toolchain/avr8 gcc/native/3.4.1061/avr8-gnu-toolchain/bin/../lib/gcc/avr/4.8.1/../../../../avr/lib/avrxmega7\libc.a(eerd_block_atxmega128a1.o)
 .bss           0x00000000        0x0 c:/program files (x86)/atmel/atmel toolchain/avr8 gcc/native/3.4.1061/avr8-gnu-toolchain/bin/../lib/gcc/avr/4.8.1/../../../../avr/lib/avrxmega7\libc.a(eerd_block_atxmega128a1.o)
 .text          0x00000000        0x0 c:/program files (x86)/atmel/atmel toolchain/avr8 gcc/native/3.4.1061/avr8-gnu-toolchain/bin/../lib/gcc/avr/4.8.1/../../../../avr/lib/avrxmega7\libc.a(eerd_byte_atxmega128a1.o)
 .data          0x00000000        0x0 c:/program files (x86)/atmel/atmel toolchain/avr8 gcc/native/3.4.1061/avr8-gnu-toolchain/bin/../lib/gcc/avr/4.8.1/../../../../avr/lib/avrxmega7\libc.a(eerd_byte_atxmega128a1.o)
 .bss           0x00000000        0x0 c:/program files (x86)/atmel/atmel toolchain/avr8 gcc/native/3.4.1061/avr8-gnu-toolchain/bin/../lib/gcc/avr/4.8.1/../../../../avr/lib/avrxmega7\libc.a(eerd_byte_atxmega128a1.o)
 .text          0x00000000        0x0 c:/program files (x86)/atmel/atmel toolchain/avr8 gcc/native/3.4.1061/avr8-gnu-toolchain/bin/../lib/gcc/avr/4.8.1/../../../../avr/lib/avrxmega7\libc.a(eeupd_block_atxmega128a1.o)
 .data          0x00000000        0x0 c:/program files (x86)/atmel/atmel toolchain/avr8 gcc/native/3.4.1061/avr8-gnu-toolchain/bin/../lib/gcc/avr/4.8.1/../../../../avr/lib/avrxmega7\libc.a(eeupd_block_atxmega128a1.o)
 .bss           0x00000000        0x0 c:/program files (x86)/atmel/atmel toolchain/avr8 gcc/native/3.4.1061/avr8-gnu-toolchain/bin/../lib/gcc/avr/4.8.1/../../../../avr/lib/avrxmega7\libc.a(eeupd_block_atxmega128a1.o)
 .text          0x00000000        0x0 c:/program files (x86)/atmel/atmel toolchain/avr8 gcc/native/3.4.1061/avr8-gnu-toolchain/bin/../lib/gcc/avr/4.8.1/../../../../avr/lib/avrxmega7\libc.a(eeupd_byte_atxmega128a1.o)
 .data          0x00000000        0x0 c:/program files (x86)/atmel/atmel toolchain/avr8 gcc/native/3.4.1061/avr8-gnu-toolchain/bin/../lib/gcc/avr/4.8.1/../../../../avr/lib/avrxmega7\libc.a(eeupd_byte_atxmega128a1.o)
 .bss           0x00000000        0x0 c:/program files (x86)/atmel/atmel toolchain/avr8 gcc/native/3.4.1061/avr8-gnu-toolchain/bin/../lib/gcc/avr/4.8.1/../../../../avr/lib/avrxmega7\libc.a(eeupd_byte_atxmega128a1.o)
 .text          0x00000000        0x0 c:/program files (x86)/atmel/atmel toolchain/avr8 gcc/native/3.4.1061/avr8-gnu-toolchain/bin/../lib/gcc/avr/4.8.1/../../../../avr/lib/avrxmega7\libc.a(eewr_byte_atxmega128a1.o)
 .data          0x00000000        0x0 c:/program files (x86)/atmel/atmel toolchain/avr8 gcc/native/3.4.1061/avr8-gnu-toolchain/bin/../lib/gcc/avr/4.8.1/../../../../avr/lib/avrxmega7\libc.a(eewr_byte_atxmega128a1.o)
 .bss           0x00000000        0x0 c:/program files (x86)/atmel/atmel toolchain/avr8 gcc/native/3.4.1061/avr8-gnu-toolchain/bin/../lib/gcc/avr/4.8.1/../../../../avr/lib/avrxmega7\libc.a(eewr_byte_atxmega128a1.o)
 .text          0x00000000        0x0 c:/program files (x86)/atmel/atmel toolchain/avr8 gcc/native/3.4.1061/avr8-gnu-toolchain/bin/../lib/gcc/avr/4.8.1/../../../../avr/lib/avrxmega7\libc.a(memcpy.o)
 .data          0x00000000        0x0 c:/program files (x86)/atmel/atmel toolchain/avr8 gcc/native/3.4.1061/avr8-gnu-toolchain/bin/../lib/gcc/avr/4.8.1/../../../../avr/lib/avrxmega7\libc.a(memcpy.o)
 .bss           0x00000000        0x0 c:/program files (x86)/atmel/atmel toolchain/avr8 gcc/native/3.4.1061/avr8-gnu-toolchain/bin/../lib/gcc/avr/4.8.1/../../../../avr/lib/avrxmega7\libc.a(memcpy.o)

Memory Configuration

Name             Origin             Length             Attributes
text             0x00000000         0x00100000         xr
data             0x00802000         0x0000ffa0         rw !x
eeprom           0x00810000         0x00010000         rw !x
fuse             0x00820000         0x00000400         rw !x
lock             0x00830000         0x00000400         rw !x
signature        0x00840000         0x00000400         rw !x
user_signatures  0x00850000         0x00000400         rw !x
*default*        0x00000000         0xffffffff

Linker script and memory map

LOAD c:/program files (x86)/atmel/atmel toolchain/avr8 gcc/native/3.4.1061/avr8-gnu-toolchain/bin/../lib/gcc/avr/4.8.1/../../../../avr/lib/avrxmega7/crtx128a1.o
LOAD app_hooks.o
LOAD app_vect.o
LOAD CC1101.o
LOAD env.o
LOAD event.o
LOAD lcd.o
LOAD main.o
LOAD os_mutex.o
LOAD os_tmr.o
LOAD RTOS/avr_isr.o
LOAD RTOS/os_core.o
LOAD RTOS/os_cpu_a.o
LOAD RTOS/os_cpu_c.o
LOAD RTOS/os_dbg.o
LOAD RTOS/os_flag.o
LOAD RTOS/os_mbox.o
LOAD RTOS/os_mem.o
LOAD RTOS/os_q.o
LOAD RTOS/os_sem.o
LOAD RTOS/os_task.o
LOAD RTOS/os_time.o
LOAD port.o
LOAD spi.o
LOAD TWI_I2CMaster.o
START GROUP
LOAD c:/program files (x86)/atmel/atmel toolchain/avr8 gcc/native/3.4.1061/avr8-gnu-toolchain/bin/../lib/gcc/avr/4.8.1/../../../../avr/lib/avrxmega7\libm.a
END GROUP
START GROUP
LOAD c:/program files (x86)/atmel/atmel toolchain/avr8 gcc/native/3.4.1061/avr8-gnu-toolchain/bin/../lib/gcc/avr/4.8.1/avrxmega7\libgcc.a
LOAD c:/program files (x86)/atmel/atmel toolchain/avr8 gcc/native/3.4.1061/avr8-gnu-toolchain/bin/../lib/gcc/avr/4.8.1/../../../../avr/lib/avrxmega7\libm.a
LOAD c:/program files (x86)/atmel/atmel toolchain/avr8 gcc/native/3.4.1061/avr8-gnu-toolchain/bin/../lib/gcc/avr/4.8.1/../../../../avr/lib/avrxmega7\libc.a
END GROUP

.hash
 *(.hash)

.dynsym
 *(.dynsym)

.dynstr
 *(.dynstr)

.gnu.version
 *(.gnu.version)

.gnu.version_d
 *(.gnu.version_d)

.gnu.version_r
 *(.gnu.version_r)

.rel.init
 *(.rel.init)

.rela.init
 *(.rela.init)

.rel.text
 *(.rel.text)
 *(.rel.text.*)
 *(.rel.gnu.linkonce.t*)

.rela.text
 *(.rela.text)
 *(.rela.text.*)
 *(.rela.gnu.linkonce.t*)

.rel.fini
 *(.rel.fini)

.rela.fini
 *(.rela.fini)

.rel.rodata
 *(.rel.rodata)
 *(.rel.rodata.*)
 *(.rel.gnu.linkonce.r*)

.rela.rodata
 *(.rela.rodata)
 *(.rela.rodata.*)
 *(.rela.gnu.linkonce.r*)

.rel.data
 *(.rel.data)
 *(.rel.data.*)
 *(.rel.gnu.linkonce.d*)

.rela.data
 *(.rela.data)
 *(.rela.data.*)
 *(.rela.gnu.linkonce.d*)

.rel.ctors
 *(.rel.ctors)

.rela.ctors
 *(.rela.ctors)

.rel.dtors
 *(.rel.dtors)

.rela.dtors
 *(.rela.dtors)

.rel.got
 *(.rel.got)

.rela.got
 *(.rela.got)

.rel.bss
 *(.rel.bss)

.rela.bss
 *(.rela.bss)

.rel.plt
 *(.rel.plt)

.rela.plt
 *(.rela.plt)

.text           0x00000000     0x1d0e
 *(.vectors)
 .vectors       0x00000000      0x1f4 c:/program files (x86)/atmel/atmel toolchain/avr8 gcc/native/3.4.1061/avr8-gnu-toolchain/bin/../lib/gcc/avr/4.8.1/../../../../avr/lib/avrxmega7/crtx128a1.o
                0x00000000                __vector_default
                0x00000000                __vectors
 .vectors       0x000001f4      0x1f0 app_vect.o
                0x000001f4                __vector_1
                0x000001f8                __vector_2
                0x000001fc                __vector_3
                0x00000200                __vector_4
                0x00000204                __vector_5
                0x00000208                __vector_6
                0x0000020c                __vector_7
                0x00000210                __vector_8
                0x00000214                __vector_9
                0x00000218                __vector_10
                0x0000021c                __vector_11
                0x00000220                __vector_12
                0x00000224                __vector_13
                0x00000228                __vector_14
                0x0000022c                __vector_15
                0x00000230                __vector_16
                0x00000234                __vector_17
                0x00000238                __vector_18
                0x0000023c                __vector_19
                0x00000240                __vector_20
                0x00000244                __vector_21
                0x00000248                __vector_22
                0x0000024c                __vector_23
                0x00000250                __vector_24
                0x00000254                __vector_25
                0x00000258                __vector_26
                0x0000025c                __vector_27
                0x00000260                __vector_28
                0x00000264                __vector_29
                0x00000268                __vector_30
                0x0000026c                __vector_31
                0x00000270                __vector_32
                0x00000274                __vector_33
                0x00000278                __vector_34
                0x0000027c                __vector_35
                0x00000280                __vector_36
                0x00000284                __vector_37
                0x00000288                __vector_38
                0x0000028c                __vector_39
                0x00000290                __vector_40
                0x00000294                __vector_41
                0x00000298                __vector_42
                0x0000029c                __vector_43
                0x000002a0                __vector_44
                0x000002a4                __vector_45
                0x000002a8                __vector_46
                0x000002ac                __vector_47
                0x000002b0                __vector_48
                0x000002b4                __vector_49
                0x000002b8                __vector_50
                0x000002bc                __vector_51
                0x000002c0                __vector_52
                0x000002c4                __vector_53
                0x000002c8                __vector_54
                0x000002cc                __vector_55
                0x000002d0                __vector_56
                0x000002d4                __vector_57
                0x000002d8                __vector_58
                0x000002dc                __vector_59
                0x000002e0                __vector_60
                0x000002e4                __vector_61
                0x000002e8                __vector_62
                0x000002ec                __vector_63
                0x000002f0                __vector_64
                0x000002f4                __vector_65
                0x000002f8                __vector_66
                0x000002fc                __vector_67
                0x00000300                __vector_68
                0x00000304                __vector_69
                0x00000308                __vector_70
                0x0000030c                __vector_71
                0x00000310                __vector_72
                0x00000314                __vector_73
                0x00000318                __vector_74
                0x0000031c                __vector_75
                0x00000320                __vector_76
                0x00000324                __vector_77
                0x00000328                __vector_78
                0x0000032c                __vector_79
                0x00000330                __vector_80
                0x00000334                __vector_81
                0x00000338                __vector_82
                0x0000033c                __vector_83
                0x00000340                __vector_84
                0x00000344                __vector_85
                0x00000348                __vector_86
                0x0000034c                __vector_87
                0x00000350                __vector_88
                0x00000354                __vector_89
                0x00000358                __vector_90
                0x0000035c                __vector_91
                0x00000360                __vector_92
                0x00000364                __vector_93
                0x00000368                __vector_94
                0x0000036c                __vector_95
                0x00000370                __vector_96
                0x00000374                __vector_97
                0x00000378                __vector_98
                0x0000037c                __vector_99
                0x00000380                __vector_100
                0x00000384                __vector_101
                0x00000388                __vector_102
                0x0000038c                __vector_103
                0x00000390                __vector_104
                0x00000394                __vector_105
                0x00000398                __vector_106
                0x0000039c                __vector_107
                0x000003a0                __vector_108
                0x000003a4                __vector_109
                0x000003a8                __vector_110
                0x000003ac                __vector_111
                0x000003b0                __vector_112
                0x000003b4                __vector_113
                0x000003b8                __vector_114
                0x000003bc                __vector_115
                0x000003c0                __vector_116
                0x000003c4                __vector_117
                0x000003c8                __vector_118
                0x000003cc                __vector_119
                0x000003d0                __vector_120
                0x000003d4                __vector_121
                0x000003d8                __vector_122
                0x000003dc                __vector_123
                0x000003e0                __vector_124
 *(.vectors)
 *(.progmem.gcc*)
                0x000003e4                . = ALIGN (0x2)
                0x000003e4                __trampolines_start = .
 *(.trampolines)
 .trampolines   0x000003e4        0x0 linker stubs
 *(.trampolines*)
                0x000003e4                __trampolines_end = .
 *(.progmem*)
                0x000003e4                . = ALIGN (0x2)
 *(.jumptables)
 *(.jumptables*)
 *(.lowtext)
 *(.lowtext*)
                0x000003e4                __ctors_start = .
 *(.ctors)
                0x000003e4                __ctors_end = .
                0x000003e4                __dtors_start = .
 *(.dtors)
                0x000003e4                __dtors_end = .
 SORT(*)(.ctors)
 SORT(*)(.dtors)
 *(.init0)
 .init0         0x000003e4        0x0 c:/program files (x86)/atmel/atmel toolchain/avr8 gcc/native/3.4.1061/avr8-gnu-toolchain/bin/../lib/gcc/avr/4.8.1/../../../../avr/lib/avrxmega7/crtx128a1.o
                0x000003e4                __init
 *(.init0)
 *(.init1)
 *(.init1)
 *(.init2)
 .init2         0x000003e4       0x18 c:/program files (x86)/atmel/atmel toolchain/avr8 gcc/native/3.4.1061/avr8-gnu-toolchain/bin/../lib/gcc/avr/4.8.1/../../../../avr/lib/avrxmega7/crtx128a1.o
 *(.init2)
 *(.init3)
 *(.init3)
 *(.init4)
 .init4         0x000003fc       0x1c c:/program files (x86)/atmel/atmel toolchain/avr8 gcc/native/3.4.1061/avr8-gnu-toolchain/bin/../lib/gcc/avr/4.8.1/avrxmega7\libgcc.a(_copy_data.o)
                0x000003fc                __do_copy_data
 .init4         0x00000418       0x10 c:/program files (x86)/atmel/atmel toolchain/avr8 gcc/native/3.4.1061/avr8-gnu-toolchain/bin/../lib/gcc/avr/4.8.1/avrxmega7\libgcc.a(_clear_bss.o)
                0x00000418                __do_clear_bss
 *(.init4)
 *(.init5)
 *(.init5)
 *(.init6)
 *(.init6)
 *(.init7)
 *(.init7)
 *(.init8)
 *(.init8)
 *(.init9)
 .init9         0x00000428        0x6 c:/program files (x86)/atmel/atmel toolchain/avr8 gcc/native/3.4.1061/avr8-gnu-toolchain/bin/../lib/gcc/avr/4.8.1/../../../../avr/lib/avrxmega7/crtx128a1.o
 *(.init9)
 *(.text)
 .text          0x0000042e       0xd6 RTOS/avr_isr.o
                0x0000042e                TickISR
 .text          0x00000504      0x1e8 RTOS/os_cpu_a.o
                0x00000504                OS_CPU_SR_Save
                0x0000050a                OS_CPU_SR_Restore
                0x0000050e                OSStartHighRdy
                0x00000586                OSCtxSw
                0x0000066e                OSIntCtxSw
                0x000006ec                . = ALIGN (0x2)
 *(.text.*)
 .text.App_TaskCreateHook
                0x000006ec        0x2 app_hooks.o
                0x000006ec                App_TaskCreateHook
 .text.App_TaskIdleHook
                0x000006ee        0x2 app_hooks.o
                0x000006ee                App_TaskIdleHook
 .text.App_TaskSwHook
                0x000006f0        0xa app_hooks.o
                0x000006f0                App_TaskSwHook
 .text.App_TCBInitHook
                0x000006fa        0x2 app_hooks.o
                0x000006fa                App_TCBInitHook
 .text.App_TimeTickHook
                0x000006fc        0xa app_hooks.o
                0x000006fc                App_TimeTickHook
 .text.crc8     0x00000706       0x34 env.o
                0x00000706                crc8
 .text.env_save
                0x0000073a       0x2c env.o
                0x0000073a                env_save
 .text.env_default
                0x00000766      0x404 env.o
                0x00000766                env_default
 .text.env_init
                0x00000b6a       0x62 env.o
                0x00000b6a                env_init
 .text.tele_env_default
                0x00000bcc       0x3a env.o
                0x00000bcc                tele_env_default
 .text.tele_env_init
                0x00000c06       0x62 env.o
                0x00000c06                tele_env_init
 .text.EventTask
                0x00000c68       0x6a event.o
                0x00000c68                EventTask
 .text.lcd_start
                0x00000cd2        0x2 lcd.o
                0x00000cd2                lcd_start
 .text.lcd_sendCmdData
                0x00000cd4       0x36 lcd.o
                0x00000cd4                lcd_sendCmdData
 .text.lcd_control
                0x00000d0a        0x6 lcd.o
                0x00000d0a                lcd_control
 .text.lcd_writeData
                0x00000d10        0x6 lcd.o
                0x00000d10                lcd_writeData
 .text.maping_char
                0x00000d16       0x4c lcd.o
                0x00000d16                maping_char
 .text.lcd_prString
                0x00000d62       0x54 lcd.o
                0x00000d62                lcd_prString
 .text.lcd_position
                0x00000db6        0xe lcd.o
                0x00000db6                lcd_position
 .text.lcd_clear
                0x00000dc4        0x4 lcd.o
                0x00000dc4                lcd_clear
 .text.command  0x00000dc8        0x6 lcd.o
                0x00000dc8                command
 .text.setDisplayControl
                0x00000dce       0x12 lcd.o
                0x00000dce                setDisplayControl
 .text.display  0x00000de0        0x4 lcd.o
                0x00000de0                display
 .text.lcd_init
                0x00000de4       0x5e lcd.o
                0x00000de4                lcd_init
 .text.setClockTo32MHz
                0x00000e42       0x1e main.o
                0x00000e42                setClockTo32MHz
 .text.tc1_disable
                0x00000e60        0xe main.o
                0x00000e60                tc1_disable
 .text.ClockTickStart
                0x00000e6e       0x5a main.o
                0x00000e6e                ClockTickStart
 .text.system_reset
                0x00000ec8        0xe main.o
                0x00000ec8                system_reset
 .text.portb_int
                0x00000ed6        0x2 main.o
                0x00000ed6                portb_int
 .text.TaskStartCreateTasks
                0x00000ed8       0x60 main.o
                0x00000ed8                TaskStartCreateTasks
 .text.MainTask
                0x00000f38       0xae main.o
 .text.startup.main
                0x00000fe6       0x80 main.o
                0x00000fe6                main
 .text.OS_SchedNew
                0x00001066       0x2c RTOS/os_core.o
 .text.OS_TaskIdle
                0x00001092       0x30 RTOS/os_core.o
                0x00001092                OS_TaskIdle
 .text.OSIntExit
                0x000010c2       0xb6 RTOS/os_core.o
                0x000010c2                OSIntExit
 .text.OSStart  0x00001178       0x34 RTOS/os_core.o
                0x00001178                OSStart
 .text.OSTimeTick
                0x000011ac       0xda RTOS/os_core.o
                0x000011ac                OSTimeTick
 .text.OS_EventWaitListInit
                0x00001286       0x1c RTOS/os_core.o
                0x00001286                OS_EventWaitListInit
 .text.OS_MemClr
                0x000012a2       0x14 RTOS/os_core.o
                0x000012a2                OS_MemClr
 .text.OSInit   0x000012b6      0x19c RTOS/os_core.o
                0x000012b6                OSInit
 .text.OS_Sched
                0x00001452       0x96 RTOS/os_core.o
                0x00001452                OS_Sched
 .text.OS_TCBInit
                0x000014e8      0x1e2 RTOS/os_core.o
                0x000014e8                OS_TCBInit
 .text.OSInitHookBegin
                0x000016ca        0x2 RTOS/os_cpu_c.o
                0x000016ca                OSInitHookBegin
 .text.OSInitHookEnd
                0x000016cc        0x2 RTOS/os_cpu_c.o
                0x000016cc                OSInitHookEnd
 .text.OSTaskCreateHook
                0x000016ce        0x2 RTOS/os_cpu_c.o
                0x000016ce                OSTaskCreateHook
 .text.OSTaskIdleHook
                0x000016d0        0x2 RTOS/os_cpu_c.o
                0x000016d0                OSTaskIdleHook
 .text.OSTaskStkInit
                0x000016d2       0xf8 RTOS/os_cpu_c.o
                0x000016d2                OSTaskStkInit
 .text.OSTaskSwHook
                0x000017ca        0x4 RTOS/os_cpu_c.o
                0x000017ca                OSTaskSwHook
 .text.OSTCBInitHook
                0x000017ce        0x4 RTOS/os_cpu_c.o
                0x000017ce                OSTCBInitHook
 .text.OSTimeTickHook
                0x000017d2        0x4 RTOS/os_cpu_c.o
                0x000017d2                OSTimeTickHook
 .text.OSDebugInit
                0x000017d6        0x2 RTOS/os_dbg.o
                0x000017d6                OSDebugInit
 .text.OS_FlagInit
                0x000017d8       0x52 RTOS/os_flag.o
                0x000017d8                OS_FlagInit
 .text.OSSemCreate
                0x0000182a       0x60 RTOS/os_sem.o
                0x0000182a                OSSemCreate
 .text.OSTaskNameSet
                0x0000188a       0x6c RTOS/os_task.o
                0x0000188a                OSTaskNameSet
 .text.OS_TaskStkClr
                0x000018f6       0x24 RTOS/os_task.o
                0x000018f6                OS_TaskStkClr
 .text.OSTaskCreateExt
                0x0000191a      0x10a RTOS/os_task.o
                0x0000191a                OSTaskCreateExt
 .text.OSTimeDly
                0x00001a24       0x76 RTOS/os_time.o
                0x00001a24                OSTimeDly
 .text.OSTimeDlyHMSM
                0x00001a9a       0x82 RTOS/os_time.o
                0x00001a9a                OSTimeDlyHMSM
 .text.port_init_direction
                0x00001b1c       0x3c port.o
                0x00001b1c                port_init_direction
 .text.port_init
                0x00001b58        0x2 port.o
                0x00001b58                port_init
 .text.get_ch18_Input
                0x00001b5a       0x10 port.o
                0x00001b5a                get_ch18_Input
 .text.spi_init
                0x00001b6a       0x10 spi.o
                0x00001b6a                spi_init
 .text.TWI_I2CMasterStart
                0x00001b7a       0x26 TWI_I2CMaster.o
                0x00001b7a                TWI_I2CMasterStart
 .text.TWI_I2CWrite
                0x00001ba0       0x36 TWI_I2CMaster.o
                0x00001ba0                TWI_I2CWrite
 .text.libgcc.div
                0x00001bd6       0x44 c:/program files (x86)/atmel/atmel toolchain/avr8 gcc/native/3.4.1061/avr8-gnu-toolchain/bin/../lib/gcc/avr/4.8.1/avrxmega7\libgcc.a(_udivmodsi4.o)
                0x00001bd6                __udivmodsi4
 .text.libgcc.mul
                0x00001c1a       0x1e c:/program files (x86)/atmel/atmel toolchain/avr8 gcc/native/3.4.1061/avr8-gnu-toolchain/bin/../lib/gcc/avr/4.8.1/avrxmega7\libgcc.a(_umulhisi3.o)
                0x00001c1a                __umulhisi3
 .text.libgcc.mul
                0x00001c38       0x14 c:/program files (x86)/atmel/atmel toolchain/avr8 gcc/native/3.4.1061/avr8-gnu-toolchain/bin/../lib/gcc/avr/4.8.1/avrxmega7\libgcc.a(_muluhisi3.o)
                0x00001c38                __muluhisi3
 .text.avr-libc
                0x00001c4c       0x16 c:/program files (x86)/atmel/atmel toolchain/avr8 gcc/native/3.4.1061/avr8-gnu-toolchain/bin/../lib/gcc/avr/4.8.1/../../../../avr/lib/avrxmega7\libc.a(eerd_block_atxmega128a1.o)
                0x00001c4c                __eerd_block_x128a1
 .text.avr-libc
                0x00001c62       0x20 c:/program files (x86)/atmel/atmel toolchain/avr8 gcc/native/3.4.1061/avr8-gnu-toolchain/bin/../lib/gcc/avr/4.8.1/../../../../avr/lib/avrxmega7\libc.a(eerd_byte_atxmega128a1.o)
                0x00001c62                __eerd_byte_x128a1
                0x00001c6a                eeprom_mapen
 .text.avr-libc
                0x00001c82       0x1e c:/program files (x86)/atmel/atmel toolchain/avr8 gcc/native/3.4.1061/avr8-gnu-toolchain/bin/../lib/gcc/avr/4.8.1/../../../../avr/lib/avrxmega7\libc.a(eeupd_block_atxmega128a1.o)
                0x00001c82                __eeupd_block_x128a1
 .text.avr-libc
                0x00001ca0       0x12 c:/program files (x86)/atmel/atmel toolchain/avr8 gcc/native/3.4.1061/avr8-gnu-toolchain/bin/../lib/gcc/avr/4.8.1/../../../../avr/lib/avrxmega7\libc.a(eeupd_byte_atxmega128a1.o)
                0x00001ca0                __eeupd_byte_x128a1
                0x00001ca2                __eeupd_r18_x128a1
 .text.avr-libc
                0x00001cb2       0x46 c:/program files (x86)/atmel/atmel toolchain/avr8 gcc/native/3.4.1061/avr8-gnu-toolchain/bin/../lib/gcc/avr/4.8.1/../../../../avr/lib/avrxmega7\libc.a(eewr_byte_atxmega128a1.o)
                0x00001cb2                __eewr_byte_x128a1
                0x00001cb4                __eewr_r18_x128a1
 .text.avr-libc
                0x00001cf8       0x12 c:/program files (x86)/atmel/atmel toolchain/avr8 gcc/native/3.4.1061/avr8-gnu-toolchain/bin/../lib/gcc/avr/4.8.1/../../../../avr/lib/avrxmega7\libc.a(memcpy.o)
                0x00001cf8                memcpy
                0x00001d0a                . = ALIGN (0x2)
 *(.fini9)
 .fini9         0x00001d0a        0x0 c:/program files (x86)/atmel/atmel toolchain/avr8 gcc/native/3.4.1061/avr8-gnu-toolchain/bin/../lib/gcc/avr/4.8.1/avrxmega7\libgcc.a(_exit.o)
                0x00001d0a                _exit
                0x00001d0a                exit
 *(.fini9)
 *(.fini8)
 *(.fini8)
 *(.fini7)
 *(.fini7)
 *(.fini6)
 *(.fini6)
 *(.fini5)
 *(.fini5)
 *(.fini4)
 *(.fini4)
 *(.fini3)
 *(.fini3)
 *(.fini2)
 *(.fini2)
 *(.fini1)
 *(.fini1)
 *(.fini0)
 .fini0         0x00001d0a        0x4 c:/program files (x86)/atmel/atmel toolchain/avr8 gcc/native/3.4.1061/avr8-gnu-toolchain/bin/../lib/gcc/avr/4.8.1/avrxmega7\libgcc.a(_exit.o)
 *(.fini0)
                0x00001d0e                _etext = .

.data           0x00802000      0x3a2 load address 0x00001d0e
                0x00802000                PROVIDE (__data_start, .)
 *(.data)
 *(.data*)
 .data.lcd_reg_pow
                0x00802000        0x1 lcd.o
 .data.lcd_reg_cont
                0x00802001        0x1 lcd.o
 .data.lcd_reg_func
                0x00802002        0x1 lcd.o
 *(.rodata)
 *(.rodata*)
 .rodata.crc8_table
                0x00802003      0x100 env.o
 .rodata.map_char
                0x00802103       0xf0 lcd.o
                0x00802103                map_char
 .rodata.str1.1
                0x008021f3       0x9f main.o
 .rodata.str1.1
                0x00802292       0x10 RTOS/os_core.o
 .rodata.OSUnMapTbl
                0x008022a2      0x100 RTOS/os_core.o
                0x008022a2                OSUnMapTbl
 .rodata.str1.1
                0x00000000        0x2 RTOS/os_flag.o
 .rodata.str1.1
                0x00000000        0x2 RTOS/os_sem.o
 *(.gnu.linkonce.d*)
                0x008023a2                . = ALIGN (0x2)
                0x008023a2                _edata = .
                0x008023a2                PROVIDE (__data_end, .)

.bss            0x008023a2     0x11f8
                0x008023a2                PROVIDE (__bss_start, .)
 *(.bss)
 *(.bss*)
 .bss._displaycontrol
                0x008023a2        0x1 lcd.o
 .bss.TaskStk   0x008023a3      0x6d6 main.o
 .bss.TaskStartStk
                0x00802a79      0x15e main.o
 *(COMMON)
 COMMON         0x00802bd7      0x2dd env.o
                0x00802bd7                gTele_env
                0x00802c3e                adjust_data
                0x00802c60                gEnv
 COMMON         0x00802eb4        0xb main.o
                0x00802eb4                stKey
                0x00802eb8                g_key_status
                0x00802eb9                temp
                0x00802ebd                KeyWait
 COMMON         0x00802ebf      0x6db RTOS/os_core.o
                0x00802ebf                OSLockNesting
                0x00802ec0                OSRunning
                0x00802ec1                OSIdleCtr
                0x00802ec5                OSPrioHighRdy
                0x00802ec6                OSFlagTbl
                0x00802ee9                OSPrioCur
                0x00802eea                OSTCBList
                0x00802eec                OSTickStepState
                0x00802eed                OSCtxSwCtr
                0x00802ef1                OSTCBFreeList
                0x00802ef3                OSTaskCtr
                0x00802ef4                OSTCBHighRdy
                0x00802ef6                OSRdyGrp
                0x00802ef7                OSRdyTbl
                0x00802eff                OSEventFreeList
                0x00802f01                OSIntNesting
                0x00802f02                OSTCBCur
                0x00802f04                OSTime
                0x00802f08                OSTaskIdleStk
                0x00802f88                OSEventTbl
                0x00802fd8                OSTCBTbl
                0x00803518                OSFlagFreeList
                0x0080351a                OSTCBPrioTbl
                0x0080359a                PROVIDE (__bss_end, .)
                0x00001d0e                __data_load_start = LOADADDR (.data)
                0x000020b0                __data_load_end = (__data_load_start + SIZEOF (.data))

.noinit         0x0080359a        0x0
                0x0080359a                PROVIDE (__noinit_start, .)
 *(.noinit*)
                0x0080359a                PROVIDE (__noinit_end, .)
                0x0080359a                _end = .
                0x0080359a                PROVIDE (__heap_start, .)

.eeprom         0x00810000        0x0
 *(.eeprom*)
                0x00810000                __eeprom_end = .

.fuse
 *(.fuse)
 *(.lfuse)
 *(.hfuse)
 *(.efuse)

.lock
 *(.lock*)

.signature
 *(.signature*)

.user_signatures
 *(.user_signatures*)

.stab
 *(.stab)

.stabstr
 *(.stabstr)

.stab.excl
 *(.stab.excl)

.stab.exclstr
 *(.stab.exclstr)

.stab.index
 *(.stab.index)

.stab.indexstr
 *(.stab.indexstr)

.comment        0x00000000       0x30
 *(.comment)
 .comment       0x00000000       0x30 app_hooks.o
                                 0x31 (size before relaxing)
 .comment       0x00000000       0x31 env.o
 .comment       0x00000000       0x31 event.o
 .comment       0x00000000       0x31 lcd.o
 .comment       0x00000000       0x31 main.o
 .comment       0x00000000       0x31 RTOS/os_core.o
 .comment       0x00000000       0x31 RTOS/os_cpu_c.o
 .comment       0x00000000       0x31 RTOS/os_dbg.o
 .comment       0x00000000       0x31 RTOS/os_flag.o
 .comment       0x00000000       0x31 RTOS/os_sem.o
 .comment       0x00000000       0x31 RTOS/os_task.o
 .comment       0x00000000       0x31 RTOS/os_time.o
 .comment       0x00000000       0x31 port.o
 .comment       0x00000000       0x31 spi.o
 .comment       0x00000000       0x31 TWI_I2CMaster.o

.note.gnu.build-id
 *(.note.gnu.build-id)

.debug
 *(.debug)

.line
 *(.line)

.debug_srcinfo
 *(.debug_srcinfo)

.debug_sfnames
 *(.debug_sfnames)

.debug_aranges  0x00000000      0x840
 *(.debug_aranges)
 .debug_aranges
                0x00000000       0x58 app_hooks.o
 .debug_aranges
                0x00000058       0x20 app_vect.o
 .debug_aranges
                0x00000078       0x50 env.o
 .debug_aranges
                0x000000c8       0x28 event.o
 .debug_aranges
                0x000000f0      0x168 lcd.o
 .debug_aranges
                0x00000258       0x68 main.o
 .debug_aranges
                0x000002c0       0x20 RTOS/avr_isr.o
 .debug_aranges
                0x000002e0       0xe8 RTOS/os_core.o
 .debug_aranges
                0x000003c8       0x20 RTOS/os_cpu_a.o
 .debug_aranges
                0x000003e8       0x68 RTOS/os_cpu_c.o
 .debug_aranges
                0x00000450       0x20 RTOS/os_dbg.o
 .debug_aranges
                0x00000470       0x80 RTOS/os_flag.o
 .debug_aranges
                0x000004f0       0x58 RTOS/os_sem.o
 .debug_aranges
                0x00000548       0x90 RTOS/os_task.o
 .debug_aranges
                0x000005d8       0x40 RTOS/os_time.o
 .debug_aranges
                0x00000618      0x1a0 port.o
 .debug_aranges
                0x000007b8       0x58 spi.o
 .debug_aranges
                0x00000810       0x30 TWI_I2CMaster.o

.debug_pubnames
 *(.debug_pubnames)

.debug_info     0x00000000     0xa636
 *(.debug_info .gnu.linkonce.wi.*)
 .debug_info    0x00000000      0x660 app_hooks.o
 .debug_info    0x00000660       0x80 app_vect.o
 .debug_info    0x000006e0      0xe77 env.o
 .debug_info    0x00001557      0x215 event.o
 .debug_info    0x0000176c      0xf17 lcd.o
 .debug_info    0x00002683     0x1b93 main.o
 .debug_info    0x00004216       0x82 RTOS/avr_isr.o
 .debug_info    0x00004298     0x147e RTOS/os_core.o
 .debug_info    0x00005716       0x83 RTOS/os_cpu_a.o
 .debug_info    0x00005799      0x63f RTOS/os_cpu_c.o
 .debug_info    0x00005dd8      0x9c1 RTOS/os_dbg.o
 .debug_info    0x00006799      0xd82 RTOS/os_flag.o
 .debug_info    0x0000751b      0xa43 RTOS/os_sem.o
 .debug_info    0x00007f5e     0x1176 RTOS/os_task.o
 .debug_info    0x000090d4      0x659 RTOS/os_time.o
 .debug_info    0x0000972d      0x82a port.o
 .debug_info    0x00009f57      0x2b1 spi.o
 .debug_info    0x0000a208      0x42e TWI_I2CMaster.o

.debug_abbrev   0x00000000     0x1d80
 *(.debug_abbrev)
 .debug_abbrev  0x00000000       0xf5 app_hooks.o
 .debug_abbrev  0x000000f5       0x14 app_vect.o
 .debug_abbrev  0x00000109      0x271 env.o
 .debug_abbrev  0x0000037a      0x15a event.o
 .debug_abbrev  0x000004d4      0x321 lcd.o
 .debug_abbrev  0x000007f5      0x34d main.o
 .debug_abbrev  0x00000b42       0x14 RTOS/avr_isr.o
 .debug_abbrev  0x00000b56      0x382 RTOS/os_core.o
 .debug_abbrev  0x00000ed8       0x14 RTOS/os_cpu_a.o
 .debug_abbrev  0x00000eec      0x1a6 RTOS/os_cpu_c.o
 .debug_abbrev  0x00001092       0xe2 RTOS/os_dbg.o
 .debug_abbrev  0x00001174      0x25e RTOS/os_flag.o
 .debug_abbrev  0x000013d2      0x215 RTOS/os_sem.o
 .debug_abbrev  0x000015e7      0x238 RTOS/os_task.o
 .debug_abbrev  0x0000181f      0x17e RTOS/os_time.o
 .debug_abbrev  0x0000199d      0x15f port.o
 .debug_abbrev  0x00001afc      0x16c spi.o
 .debug_abbrev  0x00001c68      0x118 TWI_I2CMaster.o

.debug_line     0x00000000     0x4674
 *(.debug_line .debug_line.* .debug_line_end)
 .debug_line    0x00000000      0x1d1 app_hooks.o
 .debug_line    0x000001d1      0x320 app_vect.o
 .debug_line    0x000004f1      0x52b env.o
 .debug_line    0x00000a1c      0x1db event.o
 .debug_line    0x00000bf7      0x72b lcd.o
 .debug_line    0x00001322      0x3a2 main.o
 .debug_line    0x000016c4       0x93 RTOS/avr_isr.o
 .debug_line    0x00001757      0xa5f RTOS/os_core.o
 .debug_line    0x000021b6      0x131 RTOS/os_cpu_a.o
 .debug_line    0x000022e7      0x22c RTOS/os_cpu_c.o
 .debug_line    0x00002513       0x5b RTOS/os_dbg.o
 .debug_line    0x0000256e      0x76a RTOS/os_flag.o
 .debug_line    0x00002cd8      0x441 RTOS/os_sem.o
 .debug_line    0x00003119      0x841 RTOS/os_task.o
 .debug_line    0x0000395a      0x1e9 RTOS/os_time.o
 .debug_line    0x00003b43      0x720 port.o
 .debug_line    0x00004263      0x255 spi.o
 .debug_line    0x000044b8      0x1bc TWI_I2CMaster.o

.debug_frame    0x00000000     0x16c0
 *(.debug_frame)
 .debug_frame   0x00000000       0x94 app_hooks.o
 .debug_frame   0x00000094       0xf4 env.o
 .debug_frame   0x00000188       0x44 event.o
 .debug_frame   0x000001cc      0x370 lcd.o
 .debug_frame   0x0000053c      0x134 main.o
 .debug_frame   0x00000670      0x37c RTOS/os_core.o
 .debug_frame   0x000009ec       0xc0 RTOS/os_cpu_c.o
 .debug_frame   0x00000aac       0x24 RTOS/os_dbg.o
 .debug_frame   0x00000ad0      0x2ac RTOS/os_flag.o
 .debug_frame   0x00000d7c      0x18c RTOS/os_sem.o
 .debug_frame   0x00000f08      0x300 RTOS/os_task.o
 .debug_frame   0x00001208       0xbc RTOS/os_time.o
 .debug_frame   0x000012c4      0x324 port.o
 .debug_frame   0x000015e8       0x94 spi.o
 .debug_frame   0x0000167c       0x44 TWI_I2CMaster.o

.debug_str      0x00000000     0x28a9
 *(.debug_str)
 .debug_str     0x00000000      0x512 app_hooks.o
                                0x54b (size before relaxing)
 .debug_str     0x00000512      0x4f0 env.o
                                0x710 (size before relaxing)
 .debug_str     0x00000a02       0xbb event.o
                                0x25e (size before relaxing)
 .debug_str     0x00000abd      0x35d lcd.o
                                0x519 (size before relaxing)
 .debug_str     0x00000e1a      0xa79 main.o
                               0x106e (size before relaxing)
 .debug_str     0x00001893      0x4e7 RTOS/os_core.o
                                0x8d6 (size before relaxing)
 .debug_str     0x00001d7a       0x70 RTOS/os_cpu_c.o
                                0x4ef (size before relaxing)
 .debug_str     0x00001dea      0x2e5 RTOS/os_dbg.o
                                0x7d9 (size before relaxing)
 .debug_str     0x000020cf      0x134 RTOS/os_flag.o
                                0x5fb (size before relaxing)
 .debug_str     0x00002203       0x9e RTOS/os_sem.o
                                0x534 (size before relaxing)
 .debug_str     0x000022a1      0x10d RTOS/os_task.o
                                0x6ab (size before relaxing)
 .debug_str     0x000023ae       0x5c RTOS/os_time.o
                                0x498 (size before relaxing)
 .debug_str     0x0000240a      0x2ef port.o
                                0x55a (size before relaxing)
 .debug_str     0x000026f9       0x6a spi.o
                                0x23e (size before relaxing)
 .debug_str     0x00002763      0x146 TWI_I2CMaster.o
                                0x3ed (size before relaxing)

.debug_loc      0x00000000     0x639c
 *(.debug_loc)
 .debug_loc     0x00000000      0x39d env.o
 .debug_loc     0x0000039d       0xba event.o
 .debug_loc     0x00000457      0x84a lcd.o
 .debug_loc     0x00000ca1      0x233 main.o
 .debug_loc     0x00000ed4     0x1439 RTOS/os_core.o
 .debug_loc     0x0000230d      0x32a RTOS/os_cpu_c.o
 .debug_loc     0x00002637     0x12bf RTOS/os_flag.o
 .debug_loc     0x000038f6      0x9ba RTOS/os_sem.o
 .debug_loc     0x000042b0     0x157d RTOS/os_task.o
 .debug_loc     0x0000582d      0x60c RTOS/os_time.o
 .debug_loc     0x00005e39      0x387 port.o
 .debug_loc     0x000061c0      0x14f spi.o
 .debug_loc     0x0000630f       0x8d TWI_I2CMaster.o

.debug_macinfo
 *(.debug_macinfo)

.debug_weaknames
 *(.debug_weaknames)

.debug_funcnames
 *(.debug_funcnames)

.debug_typenames
 *(.debug_typenames)

.debug_varnames
 *(.debug_varnames)

.debug_pubtypes
 *(.debug_pubtypes)

.debug_ranges   0x00000000      0x720
 *(.debug_ranges)
 .debug_ranges  0x00000000       0x48 app_hooks.o
 .debug_ranges  0x00000048       0x58 env.o
 .debug_ranges  0x000000a0       0x30 event.o
 .debug_ranges  0x000000d0      0x158 lcd.o
 .debug_ranges  0x00000228       0x58 main.o
 .debug_ranges  0x00000280       0xd8 RTOS/os_core.o
 .debug_ranges  0x00000358       0x58 RTOS/os_cpu_c.o
 .debug_ranges  0x000003b0       0x10 RTOS/os_dbg.o
 .debug_ranges  0x000003c0       0x70 RTOS/os_flag.o
 .debug_ranges  0x00000430       0x48 RTOS/os_sem.o
 .debug_ranges  0x00000478       0x80 RTOS/os_task.o
 .debug_ranges  0x000004f8       0x30 RTOS/os_time.o
 .debug_ranges  0x00000528      0x190 port.o
 .debug_ranges  0x000006b8       0x48 spi.o
 .debug_ranges  0x00000700       0x20 TWI_I2CMaster.o

.debug_macro
 *(.debug_macro)
OUTPUT(MainUnit.elf elf32-avr)
LOAD linker stubs
